Flow report for prj2
Thu Jun 11 19:11:21 2026
Quartus II 64-Bit Version 13.0.1 Build 232 06/12/2013 Service Pack 1 SJ Web Edition


---------------------
; Table of Contents ;
---------------------
  1. Legal Notice
  2. Flow Summary
  3. Flow Settings
  4. Flow Non-Default Global Settings
  5. Flow Elapsed Time
  6. Flow OS Summary
  7. Flow Log
  8. Flow Messages
  9. Flow Suppressed Messages



----------------
; Legal Notice ;
----------------
Copyright (C) 1991-2013 Altera Corporation
Your use of Altera Corporation's design tools, logic functions 
and other software and tools, and its AMPP partner logic 
functions, and any output files from any of the foregoing 
(including device programming or simulation files), and any 
associated documentation or information are expressly subject 
to the terms and conditions of the Altera Program License 
Subscription Agreement, Altera MegaCore Function License 
Agreement, or other applicable license agreement, including, 
without limitation, that your use is for the sole purpose of 
programming logic devices manufactured by Altera and sold by 
Altera or its authorized distributors.  Please refer to the 
applicable agreement for further details.



+--------------------------------------------------------------------------------------+
; Flow Summary                                                                         ;
+------------------------------------+-------------------------------------------------+
; Flow Status                        ; Successful - Thu Jun 11 19:11:16 2026           ;
; Quartus II 64-Bit Version          ; 13.0.1 Build 232 06/12/2013 SP 1 SJ Web Edition ;
; Revision Name                      ; prj2                                            ;
; Top-level Entity Name              ; TOP_SOC_MMIO_TEST                               ;
; Family                             ; Cyclone II                                      ;
; Device                             ; EP2C35F672C6                                    ;
; Timing Models                      ; Final                                           ;
; Total logic elements               ; 17,391 / 33,216 ( 52 % )                        ;
;     Total combinational functions  ; 10,371 / 33,216 ( 31 % )                        ;
;     Dedicated logic registers      ; 10,093 / 33,216 ( 30 % )                        ;
; Total registers                    ; 10093                                           ;
; Total pins                         ; 179 / 475 ( 38 % )                              ;
; Total virtual pins                 ; 0                                               ;
; Total memory bits                  ; 153,600 / 483,840 ( 32 % )                      ;
; Embedded Multiplier 9-bit elements ; 0 / 70 ( 0 % )                                  ;
; Total PLLs                         ; 1 / 4 ( 25 % )                                  ;
+------------------------------------+-------------------------------------------------+


+-----------------------------------------+
; Flow Settings                           ;
+-------------------+---------------------+
; Option            ; Setting             ;
+-------------------+---------------------+
; Start date & time ; 06/11/2026 19:03:04 ;
; Main task         ; Compilation         ;
; Revision Name     ; prj2                ;
+-------------------+---------------------+


+------------------------------------------------------------------------------------------------------------------------+
; Flow Non-Default Global Settings                                                                                       ;
+-------------------------------------+---------------------------------+---------------+-------------------+------------+
; Assignment Name                     ; Value                           ; Default Value ; Entity Name       ; Section Id ;
+-------------------------------------+---------------------------------+---------------+-------------------+------------+
; COMPILER_SIGNATURE_ID               ; 220374921230142.178117218225036 ; --            ; --                ; --         ;
; MAX_CORE_JUNCTION_TEMP              ; 85                              ; --            ; --                ; --         ;
; MIN_CORE_JUNCTION_TEMP              ; 0                               ; --            ; --                ; --         ;
; PARTITION_COLOR                     ; 16764057                        ; --            ; TOP_SOC_MMIO_TEST ; Top        ;
; PARTITION_FITTER_PRESERVATION_LEVEL ; PLACEMENT_AND_ROUTING           ; --            ; TOP_SOC_MMIO_TEST ; Top        ;
; PARTITION_NETLIST_TYPE              ; SOURCE                          ; --            ; TOP_SOC_MMIO_TEST ; Top        ;
; PROJECT_OUTPUT_DIRECTORY            ; output_files                    ; --            ; --                ; --         ;
; TOP_LEVEL_ENTITY                    ; TOP_SOC_MMIO_TEST               ; prj2          ; --                ; --         ;
+-------------------------------------+---------------------------------+---------------+-------------------+------------+


+-------------------------------------------------------------------------------------------------------------------------------+
; Flow Elapsed Time                                                                                                             ;
+---------------------------+--------------+-------------------------+---------------------+------------------------------------+
; Module Name               ; Elapsed Time ; Average Processors Used ; Peak Virtual Memory ; Total CPU Time (on all processors) ;
+---------------------------+--------------+-------------------------+---------------------+------------------------------------+
; Analysis & Synthesis      ; 00:01:00     ; 1.0                     ; 4687 MB             ; 00:00:57                           ;
; Fitter                    ; 00:07:05     ; 1.0                     ; 5097 MB             ; 00:06:47                           ;
; Assembler                 ; 00:00:03     ; 1.0                     ; 4614 MB             ; 00:00:03                           ;
; TimeQuest Timing Analyzer ; 00:00:04     ; 1.0                     ; 4780 MB             ; 00:00:04                           ;
; Total                     ; 00:08:12     ; --                      ; --                  ; 00:07:51                           ;
+---------------------------+--------------+-------------------------+---------------------+------------------------------------+


+----------------------------------------------------------------------------------------+
; Flow OS Summary                                                                        ;
+---------------------------+------------------+-----------+------------+----------------+
; Module Name               ; Machine Hostname ; OS Name   ; OS Version ; Processor type ;
+---------------------------+------------------+-----------+------------+----------------+
; Analysis & Synthesis      ; DESKTOP-B07FHON  ; Windows 7 ; 6.2        ; x86_64         ;
; Fitter                    ; DESKTOP-B07FHON  ; Windows 7 ; 6.2        ; x86_64         ;
; Assembler                 ; DESKTOP-B07FHON  ; Windows 7 ; 6.2        ; x86_64         ;
; TimeQuest Timing Analyzer ; DESKTOP-B07FHON  ; Windows 7 ; 6.2        ; x86_64         ;
+---------------------------+------------------+-----------+------------+----------------+


------------
; Flow Log ;
------------
quartus_map --read_settings_files=on --write_settings_files=off prj2 -c prj2
quartus_fit --read_settings_files=off --write_settings_files=off prj2 -c prj2
quartus_asm --read_settings_files=off --write_settings_files=off prj2 -c prj2
quartus_sta prj2 -c prj2



